EN visualizacion NULL "E:/CELT funciona todo/CELT_Mejora3/CELT_Mejora3/visualizacion.vhd" sub00/vhpl22 1512726065
EN and_2 NULL "E:/CELT funciona todo/CELT_Mejora3/CELT_Mejora3/AND2.vhd" sub00/vhpl14 1512726057
EN mux8x8 NULL "E:/CELT funciona todo/CELT_Mejora3/CELT_Mejora3/MUX4x4.vhd" sub00/vhpl02 1512726045
AR refresco a_refresco "E:/CELT funciona todo/CELT_Mejora3/CELT_Mejora3/refresco.vhd" sub00/vhpl05 1512726048
EN reg_desp40 NULL "E:/CELT funciona todo/CELT_Mejora3/CELT_Mejora3/reg_desp40.vhd" sub00/vhpl08 1512726051
EN principal NULL "E:/CELT funciona todo/CELT_Mejora3/CELT_Mejora3/principal.vhd" sub00/vhpl24 1512726067
AR visualizacion a_visualizacion "E:/CELT funciona todo/CELT_Mejora3/CELT_Mejora3/visualizacion.vhd" sub00/vhpl23 1512726066
AR sumador40 a_sumador40 "E:/CELT funciona todo/CELT_Mejora3/CELT_Mejora3/sumador40.vhd" sub00/vhpl11 1512726054
EN refresco NULL "E:/CELT funciona todo/CELT_Mejora3/CELT_Mejora3/refresco.vhd" sub00/vhpl04 1512726047
AR comparador a_comparador "E:/CELT funciona todo/CELT_Mejora3/CELT_Mejora3/comparador.vhd" sub00/vhpl13 1512726056
EN automata NULL "E:/CELT funciona todo/CELT_Mejora3/CELT_Mejora3/automata.vhd" sub00/vhpl16 1512726059
AR automata a_automata "E:/CELT funciona todo/CELT_Mejora3/CELT_Mejora3/automata.vhd" sub00/vhpl17 1512726060
AR mux8x8 a_mux8x8 "E:/CELT funciona todo/CELT_Mejora3/CELT_Mejora3/MUX4x4.vhd" sub00/vhpl03 1512726046
AR principal a_principal "E:/CELT funciona todo/CELT_Mejora3/CELT_Mejora3/principal.vhd" sub00/vhpl25 1512726068
EN decod7s NULL "E:/CELT funciona todo/CELT_Mejora3/CELT_Mejora3/decod7s.vhd" sub00/vhpl00 1512726043
AR registro a_registro "E:/CELT funciona todo/CELT_Mejora3/CELT_Mejora3/registro.vhd" sub00/vhpl21 1512726064
AR decod7s a_decod7s "E:/CELT funciona todo/CELT_Mejora3/CELT_Mejora3/decod7s.vhd" sub00/vhpl01 1512726044
AR and_2 a_and_2 "E:/CELT funciona todo/CELT_Mejora3/CELT_Mejora3/AND2.vhd" sub00/vhpl15 1512726058
EN sumador40 NULL "E:/CELT funciona todo/CELT_Mejora3/CELT_Mejora3/sumador40.vhd" sub00/vhpl10 1512726053
AR reg_desp a_reg_desp "E:/CELT funciona todo/CELT_Mejora3/CELT_Mejora3/reg_desp.vhd" sub00/vhpl19 1512726062
EN comparador NULL "E:/CELT funciona todo/CELT_Mejora3/CELT_Mejora3/comparador.vhd" sub00/vhpl12 1512726055
AR reg_desp40 a_reg_desp40 "E:/CELT funciona todo/CELT_Mejora3/CELT_Mejora3/reg_desp40.vhd" sub00/vhpl09 1512726052
AR gen_reloj a_gen_reloj "E:/CELT funciona todo/CELT_Mejora3/CELT_Mejora3/gen_reloj.vhd" sub00/vhpl07 1512726050
EN gen_reloj NULL "E:/CELT funciona todo/CELT_Mejora3/CELT_Mejora3/gen_reloj.vhd" sub00/vhpl06 1512726049
EN reg_desp NULL "E:/CELT funciona todo/CELT_Mejora3/CELT_Mejora3/reg_desp.vhd" sub00/vhpl18 1512726061
EN registro NULL "E:/CELT funciona todo/CELT_Mejora3/CELT_Mejora3/registro.vhd" sub00/vhpl20 1512726063
