--------------------------------------------------------------------------------
Release 14.7 Trace  (nt64)
Copyright (c) 1995-2013 Xilinx, Inc.  All rights reserved.

C:\Xilinx\14.7\ISE_DS\ISE\bin\nt64\unwrapped\trce.exe -intstyle ise -v 3 -s 5
-n 3 -fastpaths -xml principal.twx principal.ncd -o principal.twr principal.pcf
-ucf asociaciones.ucf

Design file:              principal.ncd
Physical constraint file: principal.pcf
Device,package,speed:     xc3s100e,cp132,-5 (PRODUCTION 1.27 2013-10-13)
Report level:             verbose report

Environment Variable      Effect 
--------------------      ------ 
NONE                      No environment variables were set
--------------------------------------------------------------------------------

INFO:Timing:2698 - No timing constraints found, doing default enumeration.
INFO:Timing:3412 - To improve timing, see the Timing Closure User Guide (UG612).
INFO:Timing:2752 - To get complete path coverage, use the unconstrained paths 
   option. All paths that are not constrained will be reported in the 
   unconstrained paths section(s) of the report.
INFO:Timing:3339 - The clock-to-out numbers in this timing report are based on 
   a 50 Ohm transmission line loading model.  For the details of this model, 
   and for more information on accounting for different loading conditions, 
   please see the device datasheet.
INFO:Timing:3390 - This architecture does not support a default System Jitter 
   value, please add SYSTEM_JITTER constraint to the UCF to modify the Clock 
   Uncertainty calculation.
INFO:Timing:3389 - This architecture does not support 'Discrete Jitter' and 
   'Phase Error' calculations, these terms will be zero in the Clock 
   Uncertainty calculation.  Please make appropriate modification to 
   SYSTEM_JITTER to account for the unsupported Discrete Jitter and Phase 
   Error.



Data Sheet report:
-----------------
All values displayed in nanoseconds (ns)

Clock CLK to Pad
------------+------------+------------------+--------+
            | clk (edge) |                  | Clock  |
Destination |   to PAD   |Internal Clock(s) | Phase  |
------------+------------+------------------+--------+
AN<0>       |    8.503(R)|CLK_BUFGP         |   0.000|
AN<1>       |    8.285(R)|CLK_BUFGP         |   0.000|
AN<2>       |    8.070(R)|CLK_BUFGP         |   0.000|
AN<3>       |    8.831(R)|CLK_BUFGP         |   0.000|
SEG7<0>     |   11.274(R)|CLK_BUFGP         |   0.000|
SEG7<1>     |   11.042(R)|CLK_BUFGP         |   0.000|
SEG7<2>     |   10.929(R)|CLK_BUFGP         |   0.000|
SEG7<3>     |   10.446(R)|CLK_BUFGP         |   0.000|
SEG7<4>     |   11.346(R)|CLK_BUFGP         |   0.000|
SEG7<5>     |   11.005(R)|CLK_BUFGP         |   0.000|
SEG7<6>     |   10.949(R)|CLK_BUFGP         |   0.000|
------------+------------+------------------+--------+

Clock to Setup on destination clock CLK
---------------+---------+---------+---------+---------+
               | Src:Rise| Src:Fall| Src:Rise| Src:Fall|
Source Clock   |Dest:Rise|Dest:Rise|Dest:Fall|Dest:Fall|
---------------+---------+---------+---------+---------+
CLK            |    4.378|         |         |         |
---------------+---------+---------+---------+---------+

Pad to Pad
---------------+---------------+---------+
Source Pad     |Destination Pad|  Delay  |
---------------+---------------+---------+
PULSADOR       |SEG7<0>        |    9.914|
PULSADOR       |SEG7<1>        |    9.682|
PULSADOR       |SEG7<2>        |    9.637|
PULSADOR       |SEG7<3>        |    9.318|
PULSADOR       |SEG7<4>        |    9.986|
PULSADOR       |SEG7<5>        |    9.687|
PULSADOR       |SEG7<6>        |    9.624|
---------------+---------------+---------+


Analysis completed Thu Dec 07 18:05:16 2017 
--------------------------------------------------------------------------------

Trace Settings:
-------------------------
Trace Settings 

Peak Memory Usage: 171 MB



