EN visualizacion NULL C:/Users/alumno/Desktop/CELT1/celt2/visualizacion.vhd sub00/vhpl20 1512662053
EN and_2 NULL C:/Users/alumno/Desktop/CELT1/celt2/AND2.vhd sub00/vhpl12 1512662045
AR refresco a_refresco C:/Users/alumno/Desktop/CELT1/CELT/refresco.vhd sub00/vhpl25 1512662036
EN reg_desp40 NULL C:/Users/alumno/Desktop/CELT1/celt2/reg_desp40.vhd sub00/vhpl06 1512662039
EN principal NULL C:/Users/alumno/Desktop/CELT1/celt2/principal.vhd sub00/vhpl22 1512662055
AR visualizacion a_visualizacion C:/Users/alumno/Desktop/CELT1/celt2/visualizacion.vhd sub00/vhpl21 1512662054
AR sumador40 a_sumador40 C:/Users/alumno/Desktop/CELT1/celt2/sumador40.vhd sub00/vhpl09 1512662042
EN refresco NULL C:/Users/alumno/Desktop/CELT1/CELT/refresco.vhd sub00/vhpl24 1512662035
AR comparador a_comparador C:/Users/alumno/Desktop/CELT1/celt2/comparador.vhd sub00/vhpl11 1512662044
EN automata NULL C:/Users/alumno/Desktop/CELT1/celt2/automata.vhd sub00/vhpl14 1512662047
AR automata a_automata C:/Users/alumno/Desktop/CELT1/celt2/automata.vhd sub00/vhpl15 1512662048
EN mux4x4 NULL C:/Users/alumno/Desktop/CELT1/celt2/MUX4x4.vhd sub00/vhpl02 1512662033
AR principal a_principal C:/Users/alumno/Desktop/CELT1/celt2/principal.vhd sub00/vhpl23 1512662056
EN decod7s NULL C:/Users/alumno/Desktop/CELT1/celt2/decod7s.vhd sub00/vhpl00 1512662031
AR registro a_registro C:/Users/alumno/Desktop/CELT1/celt2/registro.vhd sub00/vhpl19 1512662052
AR decod7s a_decod7s C:/Users/alumno/Desktop/CELT1/celt2/decod7s.vhd sub00/vhpl01 1512662032
AR and_2 a_and_2 C:/Users/alumno/Desktop/CELT1/celt2/AND2.vhd sub00/vhpl13 1512662046
EN sumador40 NULL C:/Users/alumno/Desktop/CELT1/celt2/sumador40.vhd sub00/vhpl08 1512662041
AR reg_desp a_reg_desp C:/Users/alumno/Desktop/CELT1/celt2/reg_desp.vhd sub00/vhpl17 1512662050
EN comparador NULL C:/Users/alumno/Desktop/CELT1/celt2/comparador.vhd sub00/vhpl10 1512662043
AR mux4x4 a_mux4x4 C:/Users/alumno/Desktop/CELT1/celt2/MUX4x4.vhd sub00/vhpl03 1512662034
AR reg_desp40 a_reg_desp40 C:/Users/alumno/Desktop/CELT1/celt2/reg_desp40.vhd sub00/vhpl07 1512662040
AR gen_reloj a_gen_reloj C:/Users/alumno/Desktop/CELT1/celt2/gen_reloj.vhd sub00/vhpl05 1512662038
EN gen_reloj NULL C:/Users/alumno/Desktop/CELT1/celt2/gen_reloj.vhd sub00/vhpl04 1512662037
EN reg_desp NULL C:/Users/alumno/Desktop/CELT1/celt2/reg_desp.vhd sub00/vhpl16 1512662049
EN registro NULL C:/Users/alumno/Desktop/CELT1/celt2/registro.vhd sub00/vhpl18 1512662051
