EN visualizacion NULL "E:/CELT funciona todo/CELT_Mejora2/CELT_Mejora2/visualizacion.vhd" sub00/vhpl22 1512725961
EN and_2 NULL "E:/CELT funciona todo/CELT_Mejora2/CELT_Mejora2/AND2.vhd" sub00/vhpl14 1512725953
EN mux8x8 NULL "E:/CELT funciona todo/CELT_Mejora2/CELT_Mejora2/MUX4x4.vhd" sub00/vhpl02 1512725941
AR refresco a_refresco "E:/CELT funciona todo/CELT_Mejora2/CELT_Mejora2/refresco.vhd" sub00/vhpl05 1512725944
EN reg_desp40 NULL "E:/CELT funciona todo/CELT_Mejora2/CELT_Mejora2/reg_desp40.vhd" sub00/vhpl08 1512725947
EN principal NULL "E:/CELT funciona todo/CELT_Mejora2/CELT_Mejora2/principal.vhd" sub00/vhpl24 1512725963
AR visualizacion a_visualizacion "E:/CELT funciona todo/CELT_Mejora2/CELT_Mejora2/visualizacion.vhd" sub00/vhpl23 1512725962
AR sumador40 a_sumador40 "E:/CELT funciona todo/CELT_Mejora2/CELT_Mejora2/sumador40.vhd" sub00/vhpl11 1512725950
EN refresco NULL "E:/CELT funciona todo/CELT_Mejora2/CELT_Mejora2/refresco.vhd" sub00/vhpl04 1512725943
AR comparador a_comparador "E:/CELT funciona todo/CELT_Mejora2/CELT_Mejora2/comparador.vhd" sub00/vhpl13 1512725952
EN automata NULL "E:/CELT funciona todo/CELT_Mejora2/CELT_Mejora2/automata.vhd" sub00/vhpl16 1512725955
AR automata a_automata "E:/CELT funciona todo/CELT_Mejora2/CELT_Mejora2/automata.vhd" sub00/vhpl17 1512725956
AR mux8x8 a_mux8x8 "E:/CELT funciona todo/CELT_Mejora2/CELT_Mejora2/MUX4x4.vhd" sub00/vhpl03 1512725942
AR principal a_principal "E:/CELT funciona todo/CELT_Mejora2/CELT_Mejora2/principal.vhd" sub00/vhpl25 1512725964
EN decod7s NULL "E:/CELT funciona todo/CELT_Mejora2/CELT_Mejora2/decod7s.vhd" sub00/vhpl00 1512725939
AR registro a_registro "E:/CELT funciona todo/CELT_Mejora2/CELT_Mejora2/registro.vhd" sub00/vhpl21 1512725960
AR decod7s a_decod7s "E:/CELT funciona todo/CELT_Mejora2/CELT_Mejora2/decod7s.vhd" sub00/vhpl01 1512725940
AR and_2 a_and_2 "E:/CELT funciona todo/CELT_Mejora2/CELT_Mejora2/AND2.vhd" sub00/vhpl15 1512725954
EN sumador40 NULL "E:/CELT funciona todo/CELT_Mejora2/CELT_Mejora2/sumador40.vhd" sub00/vhpl10 1512725949
AR reg_desp a_reg_desp "E:/CELT funciona todo/CELT_Mejora2/CELT_Mejora2/reg_desp.vhd" sub00/vhpl19 1512725958
EN comparador NULL "E:/CELT funciona todo/CELT_Mejora2/CELT_Mejora2/comparador.vhd" sub00/vhpl12 1512725951
AR reg_desp40 a_reg_desp40 "E:/CELT funciona todo/CELT_Mejora2/CELT_Mejora2/reg_desp40.vhd" sub00/vhpl09 1512725948
AR gen_reloj a_gen_reloj "E:/CELT funciona todo/CELT_Mejora2/CELT_Mejora2/gen_reloj.vhd" sub00/vhpl07 1512725946
EN gen_reloj NULL "E:/CELT funciona todo/CELT_Mejora2/CELT_Mejora2/gen_reloj.vhd" sub00/vhpl06 1512725945
EN reg_desp NULL "E:/CELT funciona todo/CELT_Mejora2/CELT_Mejora2/reg_desp.vhd" sub00/vhpl18 1512725957
EN registro NULL "E:/CELT funciona todo/CELT_Mejora2/CELT_Mejora2/registro.vhd" sub00/vhpl20 1512725959
